app/(dashboard)/faculty/history/[sessionId]/page.tsx(47,23): error TS18047: 'dbSession.subject' is possibly 'null'.
app/(dashboard)/faculty/history/[sessionId]/page.tsx(56,26): error TS18047: 'dbSession.subject' is possibly 'null'.
scripts/check_all_active.ts(15,61): error TS18047: 's.subject' is possibly 'null'.
scripts/fetch_test_data.ts(19,50): error TS18047: 'session.subject' is possibly 'null'.
